// Jest Snapshot v1, https://goo.gl/fbAQLP

exports[`snapshot default 1`] = `
#edealer-estimator-test .c1 {
  color: #333333;
  font-size: 22px;
  font-weight: 700;
  line-height: 26px;
  padding: 0;
  margin-top: 0;
  margin-bottom: 15px;
}

#edealer-estimator-test .c7 {
  color: #333333;
  font-size: 22px;
  font-weight: 700;
  line-height: 26px;
  padding: 0;
  margin-top: 15px;
  margin-bottom: 15px;
}

#edealer-estimator-test .c10 {
  color: #333333;
  font-size: 18px;
  font-weight: 700;
  line-height: 26px;
  padding: 0;
  margin-top: 15px;
  margin-bottom: 15px;
}

#edealer-estimator-test .c8 {
  padding: 0;
  margin: 0;
  margin-top: 15px;
  margin-bottom: 15px;
}

#edealer-estimator-test .c2 {
  height: 15px;
}

#edealer-estimator-test .c9 {
  height: 5px;
}

#edealer-estimator-test .c4 {
  -webkit-flex: 1;
  -ms-flex: 1;
  flex: 1;
  background-color: #ffffff;
  padding: 18px 30px;
  margin-left: 25px;
  border-radius: 5px;
  box-shadow: 0 0 12px 0 rgba(0,0,0,0.05);
}

#edealer-estimator-test .c4:first-child {
  margin-left: 0;
}

#edealer-estimator-test .c5 {
  color: #dedede;
  font-size: 20px;
  font-weight: 600;
  line-height: 24px;
}

#edealer-estimator-test .c6 {
  color: #6bbd7d;
  font-size: 44px;
  font-weight: 800;
  line-height: 53px;
}

#edealer-estimator-test .c0 {
  background-color: #fbfbfb;
  padding: 30px;
  -webkit-flex: 1;
  -ms-flex: 1;
  flex: 1;
}

#edealer-estimator-test .c3 {
  display: -webkit-box;
  display: -webkit-flex;
  display: -ms-flexbox;
  display: flex;
  -webkit-flex-direction: row;
  -ms-flex-direction: row;
  flex-direction: row;
}

<div
  className="c0"
>
  <h1
    className="c1"
  >
    Quick Estimate
  </h1>
  <div
    className="c2"
  />
  <div
    className="c3"
  >
    <div
      className="c4"
    >
      <label
        className="c5"
      >
        Low Estimate
      </label>
      <div
        className="c6"
      >
        $15,000
      </div>
    </div>
    <div
      className="c4"
    >
      <label
        className="c5"
      >
        High Estimate
      </label>
      <div
        className="c6"
      >
        $18,000
      </div>
    </div>
  </div>
  <div
    className="c2"
  />
  <h1
    className="c7"
  >
    Guaranteed Trade Value
  </h1>
  <p
    className="c8"
  >
    Most customers want to know exactly what their trade is worth and we are prepared to give you a guaranteed trade value online! It only takes a few minutes to capture your vehicle information using our app. Get started now or watch the 15 second video to learn more!
  </p>
  <div
    className="c9"
  />
  <h1
    className="c10"
  >
    Learn why 74% of customers choose a Guaranteed Trade Value.
  </h1>
</div>
`;
