// Jest Snapshot v1, https://goo.gl/fbAQLP

exports[`snapshot default 1`] = `
#edealer-estimator-test .c0 {
  position: fixed;
  display: -webkit-box;
  display: -webkit-flex;
  display: -ms-flexbox;
  display: flex;
  -webkit-box-pack: center;
  -webkit-justify-content: center;
  -ms-flex-pack: center;
  justify-content: center;
  -webkit-align-items: center;
  -webkit-box-align: center;
  -ms-flex-align: center;
  align-items: center;
  top: 0;
  left: 0;
  width: 100%;
  height: 100%;
  background-color: rgba(0,0,0,0.85);
}

#edealer-estimator-test .c1 {
  position: relative;
  background-color: #ffffff;
  padding: 0;
  height: 100vh;
  overflow-y: auto;
}

#edealer-estimator-test .c38 {
  position: absolute;
  top: 0;
  right: 30px;
  border: none;
  background-color: transparent;
  color: #c5c5c5;
  font-size: 46px;
  padding: 0;
  width: 18px;
  height: 18px;
  font-weight: 200;
  outline: 0;
  cursor: pointer;
}

#edealer-estimator-test .c4 {
  color: #333333;
  font-size: 22px;
  font-weight: 700;
  line-height: 26px;
  padding: 0;
  margin-top: 0;
  margin-bottom: 15px;
}

#edealer-estimator-test .c5 {
  color: #909091;
  padding: 0;
  margin: 0;
  margin-top: 15px;
  margin-bottom: 15px;
}

#edealer-estimator-test .c7 {
  position: relative;
}

#edealer-estimator-test .c7:after {
  content: '';
  display: block;
  position: absolute;
  top: 17px;
  right: 20px;
  width: 5px;
  height: 5px;
  border-right: 2px solid #e0dfdf;
  border-bottom: 2px solid #e0dfdf;
  -webkit-transform: rotate(45deg);
  -ms-transform: rotate(45deg);
  transform: rotate(45deg);
  -webkit-transform-origin: center;
  -ms-transform-origin: center;
  transform-origin: center;
}

#edealer-estimator-test .c8 {
  font-family: proxima nova;
  display: block;
  box-sizing: border-box;
  height: 45px;
  width: 100%;
  border: 2px solid #e0dfdf;
  border-radius: 5px;
  -webkit-appearance: none;
  -moz-appearance: none;
  appearance: none;
  padding-left: 20px;
  padding-right: 30px;
  color: #333333;
  background-color: transparent;
  font-size: 16px;
  margin: 10px 0;
  cursor: pointer;
}

#edealer-estimator-test .c8:disabled {
  cursor: not-allowed;
}

#edealer-estimator-test .c8.placeholder {
  color: #c5c5c5;
}

#edealer-estimator-test .c9 {
  position: relative;
}

#edealer-estimator-test .c9:after {
  content: 'KM';
  position: absolute;
  right: 18px;
  top: 10px;
  color: #c5c5c5;
  font-size: 16px;
}

#edealer-estimator-test .c11 {
  position: relative;
}

#edealer-estimator-test .c11:after {
  content: '';
  position: absolute;
  right: 18px;
  top: 10px;
  color: #c5c5c5;
  font-size: 16px;
}

#edealer-estimator-test .c10 {
  font-family: proxima nova;
  display: block;
  box-sizing: border-box;
  height: 45px;
  width: 100%;
  color: #333333;
  border: 2px solid #e0dfdf;
  border-radius: 5px;
  -webkit-appearance: none;
  -moz-appearance: none;
  appearance: none;
  padding-left: 20px;
  padding-right: 45px;
  font-size: 16px;
  margin: 10px 0;
}

#edealer-estimator-test .c10::-webkit-input-placeholder {
  color: #c5c5c5;
}

#edealer-estimator-test .c10::-moz-placeholder {
  color: #c5c5c5;
}

#edealer-estimator-test .c10:-ms-input-placeholder {
  color: #c5c5c5;
}

#edealer-estimator-test .c10::placeholder {
  color: #c5c5c5;
}

#edealer-estimator-test .c12 {
  font-family: proxima nova;
  display: block;
  box-sizing: border-box;
  height: 45px;
  width: 100%;
  color: #333333;
  border: 2px solid #e0dfdf;
  border-radius: 5px;
  -webkit-appearance: none;
  -moz-appearance: none;
  appearance: none;
  padding-left: 20px;
  padding-right: 20px;
  font-size: 16px;
  margin: 10px 0;
}

#edealer-estimator-test .c12::-webkit-input-placeholder {
  color: #c5c5c5;
}

#edealer-estimator-test .c12::-moz-placeholder {
  color: #c5c5c5;
}

#edealer-estimator-test .c12:-ms-input-placeholder {
  color: #c5c5c5;
}

#edealer-estimator-test .c12::placeholder {
  color: #c5c5c5;
}

#edealer-estimator-test .c13 {
  font-family: proxima nova;
  display: block;
  box-sizing: border-box;
  height: 45px;
  width: 100%;
  border: none;
  border-radius: 5px;
  color: #ffffff;
  background: #6bbd7d;
  font-size: 16px;
  font-weight: 600;
  text-transform: uppercase;
  -webkit-letter-spacing: 2px;
  -moz-letter-spacing: 2px;
  -ms-letter-spacing: 2px;
  letter-spacing: 2px;
  cursor: pointer;
  outline: 0;
}

#edealer-estimator-test .c13:active {
  box-shadow: inset 0 0 10px rgba(51,51,51,0.5);
}

#edealer-estimator-test .c6 {
  height: 10px;
}

#edealer-estimator-test .c16 {
  height: 24px;
}

#edealer-estimator-test .c18 {
  height: 30px;
}

#edealer-estimator-test .c21 {
  height: 11px;
}

#edealer-estimator-test .c25 {
  height: 25px;
}

#edealer-estimator-test .c28 {
  height: 41px;
}

#edealer-estimator-test .c30 {
  height: 37px;
}

#edealer-estimator-test .c32 {
  height: 7px;
}

#edealer-estimator-test .c37 {
  height: 160px;
}

#edealer-estimator-test .c3 {
  width: 265px;
  padding: 30px;
  box-shadow: 0 0 10px rgba(51,51,51,0.1);
  z-index: 5;
}

#edealer-estimator-test .c15 {
  background-color: #f3f3f3;
  border-radius: 9999px;
  width: 170px;
  height: 25px;
}

#edealer-estimator-test .c17 {
  background-color: #f3f3f3;
  border-radius: 5px;
  width: 255px;
  height: 124px;
}

#edealer-estimator-test .c19 {
  background-color: #f3f3f3;
  border-radius: 9999px;
  width: 239px;
  height: 25px;
}

#edealer-estimator-test .c20 {
  background-color: #f8f8f8;
  border-radius: 9999px;
  width: 509px;
  height: 17px;
}

#edealer-estimator-test .c22 {
  background-color: #f8f8f8;
  border-radius: 9999px;
  width: 519px;
  height: 17px;
}

#edealer-estimator-test .c23 {
  background-color: #f8f8f8;
  border-radius: 9999px;
  width: 489px;
  height: 17px;
}

#edealer-estimator-test .c24 {
  background-color: #f8f8f8;
  border-radius: 9999px;
  width: 479px;
  height: 17px;
}

#edealer-estimator-test .c26 {
  background-color: #f8f8f8;
  border-radius: 5px;
  width: 205px;
  height: 46px;
}

#edealer-estimator-test .c27 {
  background-color: #f8f8f8;
  border-radius: 5px;
  width: 46px;
  height: 46px;
}

#edealer-estimator-test .c29 {
  background-color: #f3f3f3;
  border-radius: 5px;
  width: default;
  height: 388px;
}

#edealer-estimator-test .c31 {
  background-color: #f8f8f8;
  border-radius: 9999px;
  width: 105px;
  height: 10px;
}

#edealer-estimator-test .c33 {
  background-color: #f8f8f8;
  border-radius: 9999px;
  width: 505px;
  height: 10px;
}

#edealer-estimator-test .c34 {
  background-color: #f8f8f8;
  border-radius: 9999px;
  width: 395px;
  height: 10px;
}

#edealer-estimator-test .c35 {
  background-color: #f8f8f8;
  border-radius: 9999px;
  width: 515px;
  height: 10px;
}

#edealer-estimator-test .c36 {
  background-color: #f8f8f8;
  border-radius: 9999px;
  width: 145px;
  height: 10px;
}

#edealer-estimator-test .c14 {
  background-color: #fbfbfb;
  padding: 30px;
  -webkit-flex: 1;
  -ms-flex: 1;
  flex: 1;
}

#edealer-estimator-test .c14 .values-row {
  display: -webkit-box;
  display: -webkit-flex;
  display: -ms-flexbox;
  display: flex;
}

#edealer-estimator-test .c14 .values-row > div:first-child {
  margin-right: 25px;
}

#edealer-estimator-test .c14 .text-app-row {
  display: -webkit-box;
  display: -webkit-flex;
  display: -ms-flexbox;
  display: flex;
}

#edealer-estimator-test .c14 .text-app-row .space {
  -webkit-flex: 1;
  -ms-flex: 1;
  flex: 1;
}

#edealer-estimator-test .c14 .text-app-row > div:last-child {
  margin-left: 10px;
}

#edealer-estimator-test .c14 .form-row {
  display: -webkit-box;
  display: -webkit-flex;
  display: -ms-flexbox;
  display: flex;
}

#edealer-estimator-test .c14 .form-row .form {
  padding-left: 25px;
  -webkit-flex: 1;
  -ms-flex: 1;
  flex: 1;
}

#edealer-estimator-test .c2 {
  display: -webkit-box;
  display: -webkit-flex;
  display: -ms-flexbox;
  display: flex;
  -webkit-flex-direction: row;
  -ms-flex-direction: row;
  flex-direction: row;
  width: 920px;
  min-height: 100%;
}

<div
  className="c0"
  onClick={[Function]}
>
  <div
    className="c1"
  >
    <div
      className="c2"
    >
      <form
        className="c3"
        onSubmit={[Function]}
      >
        <h1
          className="c4"
        >
          What’s my car worth?
        </h1>
        <p
          className="c5"
        >
          Receive a close estimate of your trade value using real Canadian auction data.
        </p>
        <div
          className="c6"
        />
        <div
          className="c7"
        >
          <select
            className="placeholder c8"
            disabled={false}
            name="year"
            onChange={[Function]}
            placeholder="Year"
            value="select-ph"
          >
            <option
              className="ph"
              disabled={true}
              value="select-ph"
            >
              Year
            </option>
            <option>
              2019
            </option>
            <option>
              2018
            </option>
            <option>
              2017
            </option>
            <option>
              2016
            </option>
            <option>
              2015
            </option>
            <option>
              2014
            </option>
            <option>
              2013
            </option>
            <option>
              2012
            </option>
            <option>
              2011
            </option>
            <option>
              2010
            </option>
            <option>
              2009
            </option>
            <option>
              2008
            </option>
            <option>
              2007
            </option>
            <option>
              2006
            </option>
            <option>
              2005
            </option>
            <option>
              2004
            </option>
            <option>
              2003
            </option>
            <option>
              2002
            </option>
            <option>
              2001
            </option>
            <option>
              2000
            </option>
            <option>
              1999
            </option>
            <option>
              1998
            </option>
            <option>
              1997
            </option>
            <option>
              1996
            </option>
            <option>
              1995
            </option>
            <option>
              1994
            </option>
            <option>
              1993
            </option>
            <option>
              1992
            </option>
            <option>
              1991
            </option>
            <option>
              1990
            </option>
            <option>
              1989
            </option>
            <option>
              1988
            </option>
            <option>
              1987
            </option>
            <option>
              1986
            </option>
            <option>
              1985
            </option>
            <option>
              1984
            </option>
            <option>
              1983
            </option>
            <option>
              1982
            </option>
            <option>
              1981
            </option>
            <option>
              1980
            </option>
            <option>
              1979
            </option>
            <option>
              1978
            </option>
            <option>
              1977
            </option>
            <option>
              1976
            </option>
            <option>
              1975
            </option>
            <option>
              1974
            </option>
            <option>
              1973
            </option>
            <option>
              1972
            </option>
            <option>
              1971
            </option>
            <option>
              1970
            </option>
            <option>
              1969
            </option>
            <option>
              1968
            </option>
            <option>
              1967
            </option>
            <option>
              1966
            </option>
            <option>
              1965
            </option>
            <option>
              1964
            </option>
            <option>
              1963
            </option>
            <option>
              1962
            </option>
            <option>
              1961
            </option>
            <option>
              1960
            </option>
            <option>
              1959
            </option>
            <option>
              1958
            </option>
            <option>
              1957
            </option>
            <option>
              1956
            </option>
            <option>
              1955
            </option>
            <option>
              1954
            </option>
            <option>
              1953
            </option>
            <option>
              1952
            </option>
            <option>
              1951
            </option>
            <option>
              1950
            </option>
            <option>
              1949
            </option>
            <option>
              1948
            </option>
            <option>
              1947
            </option>
            <option>
              1946
            </option>
            <option>
              1945
            </option>
            <option>
              1944
            </option>
            <option>
              1943
            </option>
            <option>
              1942
            </option>
            <option>
              1941
            </option>
            <option>
              1940
            </option>
            <option>
              1939
            </option>
            <option>
              1938
            </option>
            <option>
              1937
            </option>
            <option>
              1936
            </option>
            <option>
              1935
            </option>
            <option>
              1934
            </option>
            <option>
              1933
            </option>
            <option>
              1932
            </option>
            <option>
              1931
            </option>
            <option>
              1930
            </option>
            <option>
              1929
            </option>
            <option>
              1928
            </option>
            <option>
              1927
            </option>
            <option>
              1926
            </option>
            <option>
              1925
            </option>
            <option>
              1924
            </option>
            <option>
              1923
            </option>
            <option>
              1922
            </option>
            <option>
              1921
            </option>
            <option>
              1920
            </option>
          </select>
        </div>
        <div
          className="c7"
        >
          <select
            className="placeholder c8"
            disabled={false}
            name="make"
            onChange={[Function]}
            placeholder="Make"
            value="select-ph"
          >
            <option
              className="ph"
              disabled={true}
              value="select-ph"
            >
              Make
            </option>
          </select>
        </div>
        <div
          className="c7"
        >
          <select
            className="placeholder c8"
            disabled={false}
            name="model"
            onChange={[Function]}
            placeholder="Model"
            value="select-ph"
          >
            <option
              className="ph"
              disabled={true}
              value="select-ph"
            >
              Model
            </option>
          </select>
        </div>
        <div
          className="c7"
        >
          <select
            className="placeholder c8"
            disabled={false}
            name="trim"
            onChange={[Function]}
            placeholder="Trim"
            value="select-ph"
          >
            <option
              className="ph"
              disabled={true}
              value="select-ph"
            >
              Trim
            </option>
          </select>
        </div>
        <div
          className="c9"
        >
          <input
            className="c10"
            min="0"
            name="mileage"
            onChange={[Function]}
            placeholder="Mileage"
            type="number"
            value=""
          />
        </div>
        <div>
          <div
            className="c6"
          />
          <div
            className="c11"
          >
            <input
              autoComplete="name"
              className="c12"
              name="name"
              onChange={[Function]}
              placeholder="Full Name"
              type="text"
              value=""
            />
          </div>
          <div
            className="c11"
          >
            <input
              autoComplete="email"
              className="c12"
              name="email"
              onChange={[Function]}
              placeholder="Email"
              type="text"
              value=""
            />
          </div>
          <div
            className="c11"
          >
            <input
              autoComplete="tel tel-national"
              className="c12"
              name="phone"
              onChange={[Function]}
              placeholder="Phone Number"
              type="tel"
              value=""
            />
          </div>
        </div>
        <button
          className="c13"
        >
          Calculate
        </button>
      </form>
      <div
        className="c14"
      >
        <div
          className="c15"
        />
        <div
          className="c16"
        />
        <div
          className="values-row"
        >
          <div
            className="c17"
          />
          <div
            className="c17"
          />
        </div>
        <div
          className="c18"
        />
        <div
          className="c19"
        />
        <div
          className="c18"
        />
        <div
          className="c20"
        />
        <div
          className="c21"
        />
        <div
          className="c22"
        />
        <div
          className="c21"
        />
        <div
          className="c23"
        />
        <div
          className="c21"
        />
        <div
          className="c24"
        />
        <div
          className="c25"
        />
        <div>
          <div
            className="text-app-row"
          >
            <div
              className="c26"
            />
            <div
              className="space"
            />
            <div
              className="c27"
            />
            <div
              className="c27"
            />
          </div>
          <div
            className="c28"
          />
          <div
            className="c29"
          />
        </div>
        <div
          className="c30"
        />
        <div
          className="c31"
        />
        <div
          className="c32"
        />
        <div
          className="c33"
        />
        <div
          className="c32"
        />
        <div
          className="c34"
        />
        <div
          className="c32"
        />
        <div
          className="c35"
        />
        <div
          className="c32"
        />
        <div
          className="c35"
        />
        <div
          className="c32"
        />
        <div
          className="c36"
        />
        <div
          className="c37"
        />
      </div>
    </div>
    <button
      className="c38"
      onClick={[MockFunction]}
    >
      ×
    </button>
  </div>
</div>
`;
